2025-07-03 11:54:45,779 - __main__ - INFO - Loaded custom template: advanced_injection.json
2025-07-03 11:54:45,786 - __main__ - INFO - ML components initialized successfully
2025-07-03 11:54:50,962 - __main__ - INFO - Loaded custom template: advanced_injection.json
2025-07-03 11:54:50,971 - __main__ - INFO - ML components initialized successfully
2025-08-13 09:49:58,020 - __main__ - INFO - Loaded custom template: manifest.json
2025-08-13 09:49:58,020 - __main__ - INFO - Loaded custom template: advanced_injection.json
2025-08-13 09:49:58,032 - __main__ - INFO - ML components initialized successfully
2025-08-13 09:52:59,354 - __main__ - INFO - Loaded custom template: manifest.json
2025-08-13 09:52:59,354 - __main__ - INFO - Loaded custom template: advanced_injection.json
2025-08-13 09:52:59,363 - __main__ - INFO - ML components initialized successfully
2025-08-20 17:15:56,408 - __main__ - INFO - Loaded custom template: character_smuggling.json
2025-08-20 17:15:56,408 - __main__ - INFO - Loaded custom template: unbounded_consumption.json
2025-08-20 17:15:56,408 - __main__ - INFO - Loaded custom template: pap_social_engineering.json
2025-08-20 17:15:56,409 - __main__ - INFO - Loaded custom template: policy_puppetry.json
2025-08-20 17:15:56,409 - __main__ - INFO - Loaded custom template: flipattack.json
2025-08-20 17:15:56,409 - __main__ - INFO - Loaded custom template: vector_embedding.json
2025-08-20 17:15:56,409 - __main__ - INFO - Loaded custom template: drattack.json
2025-08-20 17:15:56,410 - __main__ - INFO - Loaded custom template: advanced_injection.json
2025-08-20 17:15:56,410 - __main__ - INFO - Loaded custom template: system_prompt_leakage.json
2025-08-20 17:15:56,452 - __main__ - INFO - ML components initialized successfully
2025-08-20 17:40:02,261 - __main__ - INFO - Loaded custom template: character_smuggling.json
2025-08-20 17:40:02,262 - __main__ - INFO - Loaded custom template: unbounded_consumption.json
2025-08-20 17:40:02,262 - __main__ - INFO - Loaded custom template: pap_social_engineering.json
2025-08-20 17:40:02,262 - __main__ - INFO - Loaded custom template: policy_puppetry.json
2025-08-20 17:40:02,263 - __main__ - INFO - Loaded custom template: flipattack.json
2025-08-20 17:40:02,263 - __main__ - INFO - Loaded custom template: vector_embedding.json
2025-08-20 17:40:02,263 - __main__ - INFO - Loaded custom template: drattack.json
2025-08-20 17:40:02,263 - __main__ - INFO - Loaded custom template: advanced_injection.json
2025-08-20 17:40:02,263 - __main__ - INFO - Loaded custom template: system_prompt_leakage.json
2025-08-20 17:40:02,283 - __main__ - INFO - ML components initialized successfully
